// Jest Snapshot v1, https://goo.gl/fbAQLP

exports[`renders homepage unchanged 1`] = `
<div>
  <div
    class="min-h-screen flex flex-col bg-white-100"
  >
    <nav
      class="w-full bg-white p-4 text-black flex items-center justify-between shadow-md"
    >
      <div
        class="flex items-center space-x-4"
      >
        <img
          alt="Logo"
          data-nimg="1"
          decoding="async"
          height="120"
          loading="lazy"
          src="/_next/image?url=%2Fbank.jpg&w=256&q=75"
          srcset="/_next/image?url=%2Fbank.jpg&w=128&q=75 1x, /_next/image?url=%2Fbank.jpg&w=256&q=75 2x"
          style="color: transparent;"
          width="120"
        />
        <ul
          class="flex space-x-4 font-extrabold"
        >
          <li>
            <a
              class="hover:text-red-500"
              href="/"
            >
              Hem
            </a>
          </li>
          <li>
            <a
              class="hover:text-red-500"
              href="/login"
            >
              Logga in
            </a>
          </li>
          <li>
            <a
              class="hover:text-red-500"
              href="/register"
            >
              Skapa användare
            </a>
          </li>
        </ul>
      </div>
    </nav>
    <div
      class="flex flex-col items-center justify-center flex-grow"
    >
      <div
        class="hero mt-10"
      >
        <h1
          class="text-4xl font-bold text-center"
        >
          Välkommen till DBS banken
        </h1>
        <p
          class="mt-4 text-center"
        >
          Skapa ett konto och börja spara pengar!
        </p>
        <div
          class="mt-6"
        >
          <img
            alt="Savings"
            data-nimg="1"
            decoding="async"
            height="300"
            loading="lazy"
            src="/_next/image?url=%2Fspara%20pengar.jpg&w=828&q=75"
            srcset="/_next/image?url=%2Fspara%20pengar.jpg&w=640&q=75 1x, /_next/image?url=%2Fspara%20pengar.jpg&w=828&q=75 2x"
            style="color: transparent;"
            width="400"
          />
        </div>
        <a
          href="/register"
        >
          <button
            class="mt-6 px-6 py-2 bg-red-500 text-white rounded hover:bg-red-700"
          >
            Skapa användare
          </button>
        </a>
      </div>
    </div>
  </div>
</div>
`;